Traceback (most recent call last):
  File "/Users/adamkovacs/Documents/codebuild/recruitment-feedback-demo/scripts/openrouter_paid_benchmark.py", line 416, in <module>
    if __name__=='__main__':main()
                            ~~~~^^
  File "/Users/adamkovacs/Documents/codebuild/recruitment-feedback-demo/scripts/openrouter_paid_benchmark.py", line 415, in main
    run(p.parse_args())
    ~~~^^^^^^^^^^^^^^^^
  File "/Users/adamkovacs/Documents/codebuild/recruitment-feedback-demo/scripts/openrouter_paid_benchmark.py", line 311, in run
    guard=prepare(args,'openrouter_paid_v1',__file__,ROOT)
  File "/Users/adamkovacs/Documents/codebuild/recruitment-feedback-demo/scripts/prompt_controller.py", line 27, in prepare
    return Guard(args,adapter,Path(controller_path),Path(root))
  File "/Users/adamkovacs/Documents/codebuild/recruitment-feedback-demo/scripts/prompt_controller.py", line 54, in __init__
    self.config,self.condition,self.evidence,*_=admission._checked(self.manifest,root,self.cid,self.variant)
                                                ~~~~~~~~~~~~~~~~~~^^^^^^^^^^^^^^^^^^^^^^^^^^^^^^^^^^^^^^^^^^
  File "/Users/adamkovacs/Documents/codebuild/recruitment-feedback-demo/scripts/prompt_admission.py", line 160, in _checked
    history={'requests':[_usage(r,adapter) for r in _attempts(history_spec['raw_attempts'],root,adapter,controls)]}
                         ~~~~~~^^^^^^^^^^^
  File "/Users/adamkovacs/Documents/codebuild/recruitment-feedback-demo/scripts/prompt_admission.py", line 44, in _usage
    usage=row['raw_response'].get('usage',{})
          ~~~^^^^^^^^^^^^^^^^
KeyError: 'raw_response'
